37 12
72 9
75 5
79 64
16 1
76 71
6 25
50 20
18 84
11 28
29 14
50 68
87 87
94 96
86 13
9 7
63 61
22 57
1 0
60 81
8 88
13 47
72 30
71 3
70 21
49 57
3 68
24 43
76 26
52 80
41 82
15 64
68 25
98 87
7 26
25 22
9 67
23 27
37 57
83 38
8 32
34 10
23 15
87 25
71 92
74 62
46 32
88 23
55 65
77 3
0 77
6 52
85 70
2 76
91 21
75 7
77 72
75 76
43 20
30 36
7 45
68 57
82 96
13 10
23 81
7 24
74 92
20 32
12 65
94 60
24 82
97 2
92 98
10 54
96 82
86 70
66 71
48 54
15 5
17 42
20 48
22 13
97 53
84 10
96 55
61 56
89 21
96 83
25 14
13 84
43 6
77 56
59 15
24 9
66 71
53 69
36 21
40 77
91 49
47 77
